// Jest Snapshot v1, https://goo.gl/fbAQLP

exports[`AddProperty renders as expected 1`] = `
<DocumentFragment>
  <div
    class="addproperty"
  >
    <h1>
      Add Property
    </h1>
    <form>
      <label
        for="title"
      >
        <input
          id="title"
          name="title"
          placeholder="title"
          value=""
        />
      </label>
      <label
        for="city"
      >
        <select
          id="city"
          name="city"
          placeholder="city"
        >
          <option
            value="Manchester"
          >
            Manchester
          </option>
          <option
            value="Leeds"
          >
            Leeds
          </option>
          <option
            value="Sheffield"
          >
            Sheffield
          </option>
          <option
            value="Liverpool"
          >
            Liverpool
          </option>
        </select>
      </label>
      <label
        for="type"
      >
        <select
          id="type"
          name="type"
          placeholder="Property Type"
        >
          <option
            value="Flat"
          >
            Flat
          </option>
          <option
            value="Detached"
          >
            Detached
          </option>
          <option
            value="Semi-Detached"
          >
            Semi-Detached
          </option>
          <option
            value="Terraced"
          >
            Terraced
          </option>
          <option
            value="End Terraced"
          >
            End Terraced
          </option>
          <option
            value="Cottage"
          >
            Cottage
          </option>
          <option
            value="Bungalow"
          >
            Bungalow
          </option>
        </select>
      </label>
      <label
        data-testid="test-bathroom-label"
        for="bathroom"
      >
        <select
          id="bathroom"
          name="bathroom"
          placeholder="Number of bathrooms"
        >
          <option
            value="1 Bathroom"
          >
            1 Bathroom
          </option>
          <option
            value="2 Bathroom"
          >
            2 Bathroom
          </option>
          <option
            value="3 Bathroom"
          >
            3 Bathroom
          </option>
        </select>
      </label>
      <label
        data-testid="test-bedroom-label"
        for="bedrooms"
      >
        <select
          id="bedrooms"
          name="bedrooms"
          placeholder="Number of bedrooms"
        >
          <option
            value="1 Bedrooms"
          >
            1 Bedroom
          </option>
          <option
            value="2 Bedrooms"
          >
            2 Bedrooms
          </option>
          <option
            value="3 Bedrooms"
          >
            3 Bedrooms
          </option>
          <option
            value="4 Bedrooms"
          >
            4 Bedrooms
          </option>
          <option
            value="5 Bedrooms"
          >
            5 Bedrooms
          </option>
        </select>
      </label>
      <label
        for="email"
      >
        <input
          id="email"
          name="email"
          placeholder="email"
          value=""
        />
      </label>
      <label
        for="price"
      >
        <input
          id="price"
          inputmode="numeric"
          name="price"
          pattern="[0-9]+"
          placeholder="price"
          type="text"
          value=""
        />
      </label>
      <button
        class="uk-button"
        data-kitid="ckmxayhb700009qtlk8j2q7mi"
        type="submit"
      >
        Add
      </button>
    </form>
  </div>
</DocumentFragment>
`;
